testa
testb
testc
